{
  "version": "1.4.0",
  "plugins_used": [
    {
      "name": "ArtifactoryDetector"
    },
    {
      "name": "AWSKeyDetector"
    },
    {
      "name": "AzureStorageKeyDetector"
    },
    {
      "name": "Base64HighEntropyString",
      "limit": 4.5
    },
    {
      "name": "BasicAuthDetector"
    },
    {
      "name": "CloudantDetector"
    },
    {
      "name": "DiscordBotTokenDetector"
    },
    {
      "name": "GitHubTokenDetector"
    },
    {
      "name": "HexHighEntropyString",
      "limit": 3.0
    },
    {
      "name": "IbmCloudIamDetector"
    },
    {
      "name": "IbmCosHmacDetector"
    },
    {
      "name": "JwtTokenDetector"
    },
    {
      "name": "KeywordDetector",
      "keyword_exclude": ""
    },
    {
      "name": "MailchimpDetector"
    },
    {
      "name": "NpmDetector"
    },
    {
      "name": "PrivateKeyDetector"
    },
    {
      "name": "SendGridDetector"
    },
    {
      "name": "SlackDetector"
    },
    {
      "name": "SoftlayerDetector"
    },
    {
      "name": "SquareOAuthDetector"
    },
    {
      "name": "StripeDetector"
    },
    {
      "name": "TwilioKeyDetector"
    }
  ],
  "filters_used": [
    {
      "path": "detect_secrets.filters.allowlist.is_line_allowlisted"
    },
    {
      "path": "detect_secrets.filters.common.is_ignored_due_to_verification_policies",
      "min_level": 2
    },
    {
      "path": "detect_secrets.filters.heuristic.is_indirect_reference"
    },
    {
      "path": "detect_secrets.filters.heuristic.is_likely_id_string"
    },
    {
      "path": "detect_secrets.filters.heuristic.is_lock_file"
    },
    {
      "path": "detect_secrets.filters.heuristic.is_not_alphanumeric_string"
    },
    {
      "path": "detect_secrets.filters.heuristic.is_potential_uuid"
    },
    {
      "path": "detect_secrets.filters.heuristic.is_prefixed_with_dollar_sign"
    },
    {
      "path": "detect_secrets.filters.heuristic.is_sequential_string"
    },
    {
      "path": "detect_secrets.filters.heuristic.is_swagger_file"
    },
    {
      "path": "detect_secrets.filters.heuristic.is_templated_secret"
    }
  ],
  "results": {
    "configs/example.env": [
      {
        "type": "Basic Auth Credentials",
        "filename": "configs/example.env",
        "hashed_secret": "112bb791304791ddcf692e29fd5cf149b35fea37",
        "is_verified": false,
        "line_number": 49
      }
    ],
    "docs/guides/api-keys.md": [
      {
        "type": "Secret Keyword",
        "filename": "docs/guides/api-keys.md",
        "hashed_secret": "5c6dcaf20c00ec61ff980a0607df2b4704241148",
        "is_verified": false,
        "line_number": 339
      }
    ],
    "docs/guides/connecting-to-database.md": [
      {
        "type": "Basic Auth Credentials",
        "filename": "docs/guides/connecting-to-database.md",
        "hashed_secret": "3d0f5b86ce3543882a2622d559de3d363f5e5b03",
        "is_verified": false,
        "line_number": 27
      }
    ],
    "docs/reference/kalshi.md": [
      {
        "type": "Secret Keyword",
        "filename": "docs/reference/kalshi.md",
        "hashed_secret": "564e340cd48437d2dfe876ee154cc99dc4d0d137",
        "is_verified": false,
        "line_number": 194
      }
    ],
    "docs/reference/polymarket.md": [
      {
        "type": "Basic Auth Credentials",
        "filename": "docs/reference/polymarket.md",
        "hashed_secret": "3d0f5b86ce3543882a2622d559de3d363f5e5b03",
        "is_verified": false,
        "line_number": 290
      }
    ],
    "scripts/explore_database.py": [
      {
        "type": "Basic Auth Credentials",
        "filename": "scripts/explore_database.py",
        "hashed_secret": "3d0f5b86ce3543882a2622d559de3d363f5e5b03",
        "is_verified": false,
        "line_number": 28
      }
    ],
    "team/dietrich/work/dietrich_price_dynamics.ipynb": [
      {
        "type": "Basic Auth Credentials",
        "filename": "team/dietrich/work/dietrich_price_dynamics.ipynb",
        "hashed_secret": "3d0f5b86ce3543882a2622d559de3d363f5e5b03",
        "is_verified": false,
        "line_number": 85
      }
    ],
    "tests/conftest.py": [
      {
        "type": "Secret Keyword",
        "filename": "tests/conftest.py",
        "hashed_secret": "e921365cdc11a38f6d4dd8fed9b0f3eafe5213ce",
        "is_verified": false,
        "line_number": 145
      },
      {
        "type": "Secret Keyword",
        "filename": "tests/conftest.py",
        "hashed_secret": "9fb7fe1217aed442b04c0f5e43b5d5a7d3287097",
        "is_verified": false,
        "line_number": 147
      }
    ],
    "tools/polymarket_data_exploration.ipynb": [
      {
        "type": "Basic Auth Credentials",
        "filename": "tools/polymarket_data_exploration.ipynb",
        "hashed_secret": "3d0f5b86ce3543882a2622d559de3d363f5e5b03",
        "is_verified": false,
        "line_number": 34
      }
    ]
  },
  "generated_at": "2026-02-08T18:02:04Z"
}
