\BOOKMARK [0][-]{chapter*.1}{\376\377\000E\000x\000e\000c\000u\000t\000i\000v\000e\000\040\000S\000u\000m\000m\000a\000r\000y}{}% 1
\BOOKMARK [0][-]{chapter.1}{\376\377\000I\000n\000t\000r\000o\000d\000u\000c\000t\000i\000o\000n}{}% 2
\BOOKMARK [1][-]{section.1.1}{\376\377\000P\000u\000r\000p\000o\000s\000e\000\040\000a\000n\000d\000\040\000S\000c\000o\000p\000e}{chapter.1}% 3
\BOOKMARK [1][-]{section.1.2}{\376\377\000W\000h\000y\000\040\000M\000a\000r\000k\000e\000t\000\040\000M\000i\000c\000r\000o\000s\000t\000r\000u\000c\000t\000u\000r\000e\000\040\000M\000a\000t\000t\000e\000r\000s\000\040\000f\000o\000r\000\040\000P\000r\000e\000d\000i\000c\000t\000i\000o\000n\000\040\000M\000a\000r\000k\000e\000t\000s}{chapter.1}% 4
\BOOKMARK [1][-]{section.1.3}{\376\377\000P\000o\000l\000y\000m\000a\000r\000k\000e\000t\000\040\000P\000l\000a\000t\000f\000o\000r\000m\000\040\000O\000v\000e\000r\000v\000i\000e\000w}{chapter.1}% 5
\BOOKMARK [1][-]{section.1.4}{\376\377\000D\000a\000t\000a\000s\000e\000t\000\040\000O\000v\000e\000r\000v\000i\000e\000w}{chapter.1}% 6
\BOOKMARK [1][-]{section.1.5}{\376\377\000R\000e\000p\000o\000r\000t\000\040\000S\000t\000r\000u\000c\000t\000u\000r\000e}{chapter.1}% 7
\BOOKMARK [1][-]{section.1.6}{\376\377\000K\000e\000y\000\040\000F\000i\000n\000d\000i\000n\000g\000s\000\040\000P\000r\000e\000v\000i\000e\000w}{chapter.1}% 8
\BOOKMARK [0][-]{chapter.2}{\376\377\000D\000a\000t\000a\000\040\000O\000v\000e\000r\000v\000i\000e\000w}{}% 9
\BOOKMARK [1][-]{section.2.1}{\376\377\000D\000a\000t\000a\000\040\000S\000o\000u\000r\000c\000e\000s}{chapter.2}% 10
\BOOKMARK [1][-]{section.2.2}{\376\377\000D\000a\000t\000a\000s\000e\000t\000\040\000S\000t\000a\000t\000i\000s\000t\000i\000c\000s}{chapter.2}% 11
\BOOKMARK [1][-]{section.2.3}{\376\377\000E\000v\000e\000n\000t\000\040\000T\000y\000p\000e\000\040\000D\000i\000s\000t\000r\000i\000b\000u\000t\000i\000o\000n}{chapter.2}% 12
\BOOKMARK [1][-]{section.2.4}{\376\377\000D\000a\000t\000a\000\040\000Q\000u\000a\000l\000i\000t\000y\000\040\000A\000s\000s\000e\000s\000s\000m\000e\000n\000t}{chapter.2}% 13
\BOOKMARK [1][-]{section.2.5}{\376\377\000G\000a\000m\000e\000s\000\040\000i\000n\000\040\000D\000a\000t\000a\000s\000e\000t}{chapter.2}% 14
\BOOKMARK [1][-]{section.2.6}{\376\377\000T\000e\000m\000p\000o\000r\000a\000l\000\040\000C\000o\000v\000e\000r\000a\000g\000e}{chapter.2}% 15
\BOOKMARK [1][-]{section.2.7}{\376\377\000D\000a\000t\000a\000\040\000L\000i\000m\000i\000t\000a\000t\000i\000o\000n\000s}{chapter.2}% 16
\BOOKMARK [0][-]{chapter.3}{\376\377\000O\000r\000d\000e\000r\000b\000o\000o\000k\000\040\000S\000t\000r\000u\000c\000t\000u\000r\000e}{}% 17
\BOOKMARK [1][-]{section.3.1}{\376\377\000U\000n\000d\000e\000r\000s\000t\000a\000n\000d\000i\000n\000g\000\040\000t\000h\000e\000\040\000O\000r\000d\000e\000r\000b\000o\000o\000k}{chapter.3}% 18
\BOOKMARK [1][-]{section.3.2}{\376\377\000S\000p\000r\000e\000a\000d\000\040\000D\000i\000s\000t\000r\000i\000b\000u\000t\000i\000o\000n\000\040\000A\000n\000a\000l\000y\000s\000i\000s}{chapter.3}% 19
\BOOKMARK [1][-]{section.3.3}{\376\377\000M\000a\000r\000k\000e\000t\000\040\000D\000e\000p\000t\000h\000\040\000A\000n\000a\000l\000y\000s\000i\000s}{chapter.3}% 20
\BOOKMARK [1][-]{section.3.4}{\376\377\000L\000i\000q\000u\000i\000d\000i\000t\000y\000\040\000C\000o\000n\000c\000e\000n\000t\000r\000a\000t\000i\000o\000n}{chapter.3}% 21
\BOOKMARK [1][-]{section.3.5}{\376\377\000S\000p\000r\000e\000a\000d\000\040\000D\000e\000t\000e\000r\000m\000i\000n\000a\000n\000t\000s}{chapter.3}% 22
\BOOKMARK [1][-]{section.3.6}{\376\377\000K\000e\000y\000\040\000F\000i\000n\000d\000i\000n\000g\000s}{chapter.3}% 23
\BOOKMARK [1][-]{section.3.7}{\376\377\000T\000r\000a\000d\000i\000n\000g\000\040\000I\000m\000p\000l\000i\000c\000a\000t\000i\000o\000n\000s}{chapter.3}% 24
\BOOKMARK [0][-]{chapter.4}{\376\377\000P\000r\000i\000c\000e\000\040\000D\000y\000n\000a\000m\000i\000c\000s}{}% 25
\BOOKMARK [1][-]{section.4.1}{\376\377\000U\000n\000d\000e\000r\000s\000t\000a\000n\000d\000i\000n\000g\000\040\000P\000r\000i\000c\000e\000\040\000D\000y\000n\000a\000m\000i\000c\000s\000\040\000i\000n\000\040\000P\000r\000e\000d\000i\000c\000t\000i\000o\000n\000\040\000M\000a\000r\000k\000e\000t\000s}{chapter.4}% 26
\BOOKMARK [1][-]{section.4.2}{\376\377\000V\000o\000l\000a\000t\000i\000l\000i\000t\000y\000\040\000A\000n\000a\000l\000y\000s\000i\000s}{chapter.4}% 27
\BOOKMARK [1][-]{section.4.3}{\376\377\000A\000u\000t\000o\000c\000o\000r\000r\000e\000l\000a\000t\000i\000o\000n\000\040\000A\000n\000a\000l\000y\000s\000i\000s}{chapter.4}% 28
\BOOKMARK [1][-]{section.4.4}{\376\377\000M\000e\000a\000n\000\040\000R\000e\000v\000e\000r\000s\000i\000o\000n\000\040\000A\000n\000a\000l\000y\000s\000i\000s}{chapter.4}% 29
\BOOKMARK [1][-]{section.4.5}{\376\377\000F\000a\000t\000\040\000T\000a\000i\000l\000s\000\040\000a\000n\000d\000\040\000E\000x\000t\000r\000e\000m\000e\000\040\000M\000o\000v\000e\000s}{chapter.4}% 30
\BOOKMARK [1][-]{section.4.6}{\376\377\000K\000e\000y\000\040\000F\000i\000n\000d\000i\000n\000g\000s}{chapter.4}% 31
\BOOKMARK [1][-]{section.4.7}{\376\377\000T\000r\000a\000d\000i\000n\000g\000\040\000I\000m\000p\000l\000i\000c\000a\000t\000i\000o\000n\000s}{chapter.4}% 32
\BOOKMARK [0][-]{chapter.5}{\376\377\000T\000r\000a\000d\000e\000\040\000F\000l\000o\000w\000\040\000A\000n\000a\000l\000y\000s\000i\000s}{}% 33
\BOOKMARK [1][-]{section.5.1}{\376\377\000U\000n\000d\000e\000r\000s\000t\000a\000n\000d\000i\000n\000g\000\040\000T\000r\000a\000d\000e\000\040\000F\000l\000o\000w}{chapter.5}% 34
\BOOKMARK [1][-]{section.5.2}{\376\377\000T\000r\000a\000d\000e\000\040\000S\000i\000z\000e\000\040\000D\000i\000s\000t\000r\000i\000b\000u\000t\000i\000o\000n}{chapter.5}% 35
\BOOKMARK [1][-]{section.5.3}{\376\377\000W\000h\000a\000l\000e\000\040\000A\000n\000a\000l\000y\000s\000i\000s}{chapter.5}% 36
\BOOKMARK [1][-]{section.5.4}{\376\377\000T\000r\000a\000d\000e\000\040\000A\000r\000r\000i\000v\000a\000l\000\040\000P\000a\000t\000t\000e\000r\000n\000s}{chapter.5}% 37
\BOOKMARK [1][-]{section.5.5}{\376\377\000O\000r\000d\000e\000r\000\040\000F\000l\000o\000w\000\040\000I\000m\000b\000a\000l\000a\000n\000c\000e}{chapter.5}% 38
\BOOKMARK [1][-]{section.5.6}{\376\377\000K\000e\000y\000\040\000F\000i\000n\000d\000i\000n\000g\000s}{chapter.5}% 39
\BOOKMARK [1][-]{section.5.7}{\376\377\000T\000r\000a\000d\000i\000n\000g\000\040\000I\000m\000p\000l\000i\000c\000a\000t\000i\000o\000n\000s}{chapter.5}% 40
\BOOKMARK [0][-]{chapter.6}{\376\377\000T\000e\000m\000p\000o\000r\000a\000l\000\040\000P\000a\000t\000t\000e\000r\000n\000s}{}% 41
\BOOKMARK [1][-]{section.6.1}{\376\377\000T\000i\000m\000e\000-\000o\000f\000-\000D\000a\000y\000\040\000E\000f\000f\000e\000c\000t\000s}{chapter.6}% 42
\BOOKMARK [1][-]{section.6.2}{\376\377\000G\000a\000m\000e\000\040\000P\000h\000a\000s\000e\000\040\000D\000y\000n\000a\000m\000i\000c\000s}{chapter.6}% 43
\BOOKMARK [1][-]{section.6.3}{\376\377\000P\000r\000e\000-\000G\000a\000m\000e\000\040\000v\000s\000\040\000I\000n\000-\000G\000a\000m\000e\000\040\000M\000a\000r\000k\000e\000t\000s}{chapter.6}% 44
\BOOKMARK [1][-]{section.6.4}{\376\377\000D\000a\000y\000-\000o\000f\000-\000W\000e\000e\000k\000\040\000P\000a\000t\000t\000e\000r\000n\000s}{chapter.6}% 45
\BOOKMARK [1][-]{section.6.5}{\376\377\000K\000e\000y\000\040\000F\000i\000n\000d\000i\000n\000g\000s}{chapter.6}% 46
\BOOKMARK [1][-]{section.6.6}{\376\377\000T\000r\000a\000d\000i\000n\000g\000\040\000I\000m\000p\000l\000i\000c\000a\000t\000i\000o\000n\000s}{chapter.6}% 47
\BOOKMARK [0][-]{chapter.7}{\376\377\000C\000r\000o\000s\000s\000-\000O\000u\000t\000c\000o\000m\000e\000\040\000A\000n\000a\000l\000y\000s\000i\000s}{}% 48
\BOOKMARK [1][-]{section.7.1}{\376\377\000B\000i\000n\000a\000r\000y\000\040\000M\000a\000r\000k\000e\000t\000\040\000T\000h\000e\000o\000r\000y}{chapter.7}% 49
\BOOKMARK [1][-]{section.7.2}{\376\377\000P\000r\000o\000b\000a\000b\000i\000l\000i\000t\000y\000\040\000S\000u\000m\000\040\000A\000n\000a\000l\000y\000s\000i\000s}{chapter.7}% 50
\BOOKMARK [1][-]{section.7.3}{\376\377\000P\000e\000r\000s\000i\000s\000t\000e\000n\000c\000e\000\040\000o\000f\000\040\000D\000e\000v\000i\000a\000t\000i\000o\000n\000s}{chapter.7}% 51
\BOOKMARK [1][-]{section.7.4}{\376\377\000C\000r\000o\000s\000s\000-\000O\000u\000t\000c\000o\000m\000e\000\040\000C\000o\000r\000r\000e\000l\000a\000t\000i\000o\000n}{chapter.7}% 52
\BOOKMARK [1][-]{section.7.5}{\376\377\000D\000e\000p\000t\000h\000\040\000A\000s\000y\000m\000m\000e\000t\000r\000y\000\040\000B\000e\000t\000w\000e\000e\000n\000\040\000O\000u\000t\000c\000o\000m\000e\000s}{chapter.7}% 53
\BOOKMARK [1][-]{section.7.6}{\376\377\000K\000e\000y\000\040\000F\000i\000n\000d\000i\000n\000g\000s}{chapter.7}% 54
\BOOKMARK [1][-]{section.7.7}{\376\377\000T\000r\000a\000d\000i\000n\000g\000\040\000I\000m\000p\000l\000i\000c\000a\000t\000i\000o\000n\000s}{chapter.7}% 55
\BOOKMARK [0][-]{chapter.8}{\376\377\000N\000B\000A\000-\000S\000p\000e\000c\000i\000f\000i\000c\000\040\000P\000h\000e\000n\000o\000m\000e\000n\000a}{}% 56
\BOOKMARK [1][-]{section.8.1}{\376\377\000G\000a\000m\000e\000\040\000M\000o\000m\000e\000n\000t\000u\000m\000\040\000E\000f\000f\000e\000c\000t\000s}{chapter.8}% 57
\BOOKMARK [1][-]{section.8.2}{\376\377\000B\000l\000o\000w\000o\000u\000t\000\040\000D\000y\000n\000a\000m\000i\000c\000s}{chapter.8}% 58
\BOOKMARK [1][-]{section.8.3}{\376\377\000C\000o\000m\000e\000b\000a\000c\000k\000\040\000D\000y\000n\000a\000m\000i\000c\000s}{chapter.8}% 59
\BOOKMARK [1][-]{section.8.4}{\376\377\000P\000r\000e\000-\000G\000a\000m\000e\000\040\000I\000n\000f\000o\000r\000m\000a\000t\000i\000o\000n\000\040\000S\000h\000o\000c\000k\000s}{chapter.8}% 60
\BOOKMARK [1][-]{section.8.5}{\376\377\000K\000e\000y\000\040\000F\000i\000n\000d\000i\000n\000g\000s}{chapter.8}% 61
\BOOKMARK [1][-]{section.8.6}{\376\377\000T\000r\000a\000d\000i\000n\000g\000\040\000I\000m\000p\000l\000i\000c\000a\000t\000i\000o\000n\000s}{chapter.8}% 62
\BOOKMARK [0][-]{chapter.9}{\376\377\000M\000a\000r\000k\000e\000t\000\040\000M\000a\000k\000e\000r\000\040\000B\000e\000h\000a\000v\000i\000o\000r}{}% 63
\BOOKMARK [1][-]{section.9.1}{\376\377\000U\000n\000d\000e\000r\000s\000t\000a\000n\000d\000i\000n\000g\000\040\000M\000a\000r\000k\000e\000t\000\040\000M\000a\000k\000e\000r\000s}{chapter.9}% 64
\BOOKMARK [1][-]{section.9.2}{\376\377\000Q\000u\000o\000t\000e\000\040\000P\000a\000t\000t\000e\000r\000n\000\040\000A\000n\000a\000l\000y\000s\000i\000s}{chapter.9}% 65
\BOOKMARK [1][-]{section.9.3}{\376\377\000I\000n\000v\000e\000n\000t\000o\000r\000y\000\040\000M\000a\000n\000a\000g\000e\000m\000e\000n\000t\000\040\000S\000i\000g\000n\000a\000l\000s}{chapter.9}% 66
\BOOKMARK [1][-]{section.9.4}{\376\377\000M\000a\000r\000k\000e\000t\000\040\000M\000a\000k\000e\000r\000\040\000A\000c\000t\000i\000v\000i\000t\000y\000\040\000O\000v\000e\000r\000\040\000T\000i\000m\000e}{chapter.9}% 67
\BOOKMARK [1][-]{section.9.5}{\376\377\000C\000o\000m\000p\000e\000t\000i\000t\000i\000o\000n\000\040\000A\000m\000o\000n\000g\000\040\000M\000a\000r\000k\000e\000t\000\040\000M\000a\000k\000e\000r\000s}{chapter.9}% 68
\BOOKMARK [1][-]{section.9.6}{\376\377\000K\000e\000y\000\040\000F\000i\000n\000d\000i\000n\000g\000s}{chapter.9}% 69
\BOOKMARK [1][-]{section.9.7}{\376\377\000T\000r\000a\000d\000i\000n\000g\000\040\000I\000m\000p\000l\000i\000c\000a\000t\000i\000o\000n\000s}{chapter.9}% 70
\BOOKMARK [0][-]{chapter.10}{\376\377\000E\000x\000e\000c\000u\000t\000i\000o\000n\000\040\000Q\000u\000a\000l\000i\000t\000y}{}% 71
\BOOKMARK [1][-]{section.10.1}{\376\377\000U\000n\000d\000e\000r\000s\000t\000a\000n\000d\000i\000n\000g\000\040\000E\000x\000e\000c\000u\000t\000i\000o\000n\000\040\000C\000o\000s\000t\000s}{chapter.10}% 72
\BOOKMARK [1][-]{section.10.2}{\376\377\000S\000l\000i\000p\000p\000a\000g\000e\000\040\000E\000s\000t\000i\000m\000a\000t\000e\000s\000\040\000b\000y\000\040\000O\000r\000d\000e\000r\000\040\000S\000i\000z\000e}{chapter.10}% 73
\BOOKMARK [1][-]{section.10.3}{\376\377\000O\000p\000t\000i\000m\000a\000l\000\040\000O\000r\000d\000e\000r\000\040\000S\000i\000z\000i\000n\000g}{chapter.10}% 74
\BOOKMARK [1][-]{section.10.4}{\376\377\000B\000e\000s\000t\000\040\000E\000x\000e\000c\000u\000t\000i\000o\000n\000\040\000T\000i\000m\000i\000n\000g}{chapter.10}% 75
\BOOKMARK [1][-]{section.10.5}{\376\377\000T\000r\000a\000n\000s\000a\000c\000t\000i\000o\000n\000\040\000C\000o\000s\000t\000\040\000A\000n\000a\000l\000y\000s\000i\000s\000\040\000F\000r\000a\000m\000e\000w\000o\000r\000k}{chapter.10}% 76
\BOOKMARK [1][-]{section.10.6}{\376\377\000K\000e\000y\000\040\000F\000i\000n\000d\000i\000n\000g\000s}{chapter.10}% 77
\BOOKMARK [1][-]{section.10.7}{\376\377\000P\000r\000a\000c\000t\000i\000c\000a\000l\000\040\000R\000e\000c\000o\000m\000m\000e\000n\000d\000a\000t\000i\000o\000n\000s}{chapter.10}% 78
\BOOKMARK [0][-]{chapter.11}{\376\377\000C\000a\000s\000e\000\040\000S\000t\000u\000d\000i\000e\000s}{}% 79
\BOOKMARK [1][-]{section.11.1}{\376\377\000C\000a\000s\000e\000\040\000S\000t\000u\000d\000y\000\040\000S\000e\000l\000e\000c\000t\000i\000o\000n}{chapter.11}% 80
\BOOKMARK [1][-]{section.11.2}{\376\377\000C\000a\000s\000e\000\040\000S\000t\000u\000d\000y\000\040\000O\000v\000e\000r\000v\000i\000e\000w}{chapter.11}% 81
\BOOKMARK [1][-]{section.11.3}{\376\377\000C\000o\000m\000e\000b\000a\000c\000k\000\040\000G\000a\000m\000e\000\040\000D\000e\000e\000p\000\040\000D\000i\000v\000e}{chapter.11}% 82
\BOOKMARK [1][-]{section.11.4}{\376\377\000C\000o\000m\000p\000e\000t\000i\000t\000i\000v\000e\000\040\000G\000a\000m\000e\000\040\000D\000e\000e\000p\000\040\000D\000i\000v\000e}{chapter.11}% 83
\BOOKMARK [1][-]{section.11.5}{\376\377\000C\000r\000o\000s\000s\000-\000G\000a\000m\000e\000\040\000C\000o\000r\000r\000e\000l\000a\000t\000i\000o\000n\000\040\000A\000n\000a\000l\000y\000s\000i\000s}{chapter.11}% 84
\BOOKMARK [1][-]{section.11.6}{\376\377\000L\000a\000k\000e\000r\000s\000\040\000T\000e\000a\000m\000\040\000C\000h\000a\000i\000n\000\040\000A\000n\000a\000l\000y\000s\000i\000s}{chapter.11}% 85
\BOOKMARK [1][-]{section.11.7}{\376\377\000N\000e\000w\000s\000\040\000E\000v\000e\000n\000t\000\040\000C\000a\000s\000e\000\040\000S\000t\000u\000d\000y}{chapter.11}% 86
\BOOKMARK [1][-]{section.11.8}{\376\377\000P\000l\000a\000y\000e\000r\000\040\000P\000e\000r\000f\000o\000r\000m\000a\000n\000c\000e\000\040\000I\000m\000p\000a\000c\000t}{chapter.11}% 87
\BOOKMARK [1][-]{section.11.9}{\376\377\000K\000e\000y\000\040\000F\000i\000n\000d\000i\000n\000g\000s}{chapter.11}% 88
\BOOKMARK [1][-]{section.11.10}{\376\377\000T\000r\000a\000d\000i\000n\000g\000\040\000I\000m\000p\000l\000i\000c\000a\000t\000i\000o\000n\000s}{chapter.11}% 89
\BOOKMARK [0][-]{chapter.12}{\376\377\000S\000u\000m\000m\000a\000r\000y\000\040\000a\000n\000d\000\040\000C\000o\000n\000c\000l\000u\000s\000i\000o\000n\000s}{}% 90
\BOOKMARK [1][-]{section.12.1}{\376\377\000E\000x\000e\000c\000u\000t\000i\000v\000e\000\040\000S\000u\000m\000m\000a\000r\000y\000\040\000o\000f\000\040\000F\000i\000n\000d\000i\000n\000g\000s}{chapter.12}% 91
\BOOKMARK [1][-]{section.12.2}{\376\377\000M\000a\000r\000k\000e\000t\000\040\000Q\000u\000a\000l\000i\000t\000y\000\040\000A\000s\000s\000e\000s\000s\000m\000e\000n\000t}{chapter.12}% 92
\BOOKMARK [1][-]{section.12.3}{\376\377\000T\000r\000a\000d\000i\000n\000g\000\040\000R\000e\000c\000o\000m\000m\000e\000n\000d\000a\000t\000i\000o\000n\000s}{chapter.12}% 93
\BOOKMARK [1][-]{section.12.4}{\376\377\000S\000t\000r\000a\000t\000e\000g\000y\000\040\000I\000m\000p\000l\000i\000c\000a\000t\000i\000o\000n\000s}{chapter.12}% 94
\BOOKMARK [2][-]{subsection.12.4.1}{\376\377\000M\000e\000a\000n\000\040\000R\000e\000v\000e\000r\000s\000i\000o\000n\000\040\000S\000t\000r\000a\000t\000e\000g\000i\000e\000s}{section.12.4}% 95
\BOOKMARK [2][-]{subsection.12.4.2}{\376\377\000O\000r\000d\000e\000r\000\040\000F\000l\000o\000w\000\040\000S\000t\000r\000a\000t\000e\000g\000i\000e\000s}{section.12.4}% 96
\BOOKMARK [2][-]{subsection.12.4.3}{\376\377\000T\000i\000m\000i\000n\000g\000-\000B\000a\000s\000e\000d\000\040\000S\000t\000r\000a\000t\000e\000g\000i\000e\000s}{section.12.4}% 97
\BOOKMARK [1][-]{section.12.5}{\376\377\000L\000i\000m\000i\000t\000a\000t\000i\000o\000n\000s}{chapter.12}% 98
\BOOKMARK [1][-]{section.12.6}{\376\377\000F\000u\000t\000u\000r\000e\000\040\000R\000e\000s\000e\000a\000r\000c\000h\000\040\000D\000i\000r\000e\000c\000t\000i\000o\000n\000s}{chapter.12}% 99
\BOOKMARK [1][-]{section.12.7}{\376\377\000C\000o\000n\000c\000l\000u\000s\000i\000o\000n}{chapter.12}% 100
\BOOKMARK [0][-]{appendix.A}{\376\377\000E\000x\000t\000e\000n\000d\000e\000d\000\040\000S\000t\000a\000t\000i\000s\000t\000i\000c\000a\000l\000\040\000M\000e\000t\000h\000o\000d\000o\000l\000o\000g\000y}{}% 101
\BOOKMARK [1][-]{section.A.1}{\376\377\000M\000e\000t\000h\000o\000d\000o\000l\000o\000g\000y\000\040\000T\000u\000t\000o\000r\000i\000a\000l\000s}{appendix.A}% 102
\BOOKMARK [2][-]{subsection.A.1.1}{\376\377\000U\000n\000d\000e\000r\000s\000t\000a\000n\000d\000i\000n\000g\000\040\000B\000i\000d\000-\000A\000s\000k\000\040\000S\000p\000r\000e\000a\000d}{section.A.1}% 103
\BOOKMARK [2][-]{subsection.A.1.2}{\376\377\000O\000r\000d\000e\000r\000\040\000B\000o\000o\000k\000\040\000D\000e\000p\000t\000h}{section.A.1}% 104
\BOOKMARK [2][-]{subsection.A.1.3}{\376\377\000A\000u\000t\000o\000c\000o\000r\000r\000e\000l\000a\000t\000i\000o\000n\000\040\000F\000u\000n\000c\000t\000i\000o\000n\000\040\000\050\000A\000C\000F\000\051}{section.A.1}% 105
\BOOKMARK [2][-]{subsection.A.1.4}{\376\377\000H\000a\000l\000f\000-\000L\000i\000f\000e\000\040\000o\000f\000\040\000M\000e\000a\000n\000\040\000R\000e\000v\000e\000r\000s\000i\000o\000n}{section.A.1}% 106
\BOOKMARK [2][-]{subsection.A.1.5}{\376\377\000R\000e\000a\000l\000i\000z\000e\000d\000\040\000V\000o\000l\000a\000t\000i\000l\000i\000t\000y}{section.A.1}% 107
\BOOKMARK [2][-]{subsection.A.1.6}{\376\377\000O\000r\000d\000e\000r\000\040\000F\000l\000o\000w\000\040\000I\000m\000b\000a\000l\000a\000n\000c\000e\000\040\000\050\000O\000F\000I\000\051}{section.A.1}% 108
\BOOKMARK [2][-]{subsection.A.1.7}{\376\377\000A\000r\000b\000i\000t\000r\000a\000g\000e\000\040\000i\000n\000\040\000B\000i\000n\000a\000r\000y\000\040\000M\000a\000r\000k\000e\000t\000s}{section.A.1}% 109
\BOOKMARK [2][-]{subsection.A.1.8}{\376\377\000M\000a\000r\000k\000e\000t\000\040\000M\000a\000k\000e\000r\000\040\000B\000e\000h\000a\000v\000i\000o\000r\000\040\000P\000a\000t\000t\000e\000r\000n\000s}{section.A.1}% 110
\BOOKMARK [2][-]{subsection.A.1.9}{\376\377\000S\000l\000i\000p\000p\000a\000g\000e\000\040\000a\000n\000d\000\040\000M\000a\000r\000k\000e\000t\000\040\000I\000m\000p\000a\000c\000t}{section.A.1}% 111
\BOOKMARK [2][-]{subsection.A.1.10}{\376\377\000B\000o\000o\000t\000s\000t\000r\000a\000p\000\040\000C\000o\000n\000f\000i\000d\000e\000n\000c\000e\000\040\000I\000n\000t\000e\000r\000v\000a\000l\000s}{section.A.1}% 112
\BOOKMARK [2][-]{subsection.A.1.11}{\376\377\000H\000y\000p\000o\000t\000h\000e\000s\000i\000s\000\040\000T\000e\000s\000t\000i\000n\000g\000\040\000i\000n\000\040\000F\000i\000n\000a\000n\000c\000i\000a\000l\000\040\000M\000a\000r\000k\000e\000t\000s}{section.A.1}% 113
\BOOKMARK [1][-]{equation.A.23}{\376\377\000R\000e\000f\000e\000r\000e\000n\000c\000e\000s}{appendix.A}% 114
